// Jest Snapshot v1, https://goo.gl/fbAQLP

exports[`Scene works as expected 1`] = `
"<div>C</div>
<div>C</div>"
`;

exports[`Scene works as expected 2`] = `
"<div>C</div>
<div>C</div>"
`;
