// Jest Snapshot v1, https://jestjs.io/docs/snapshot-testing

exports[`works as expected 1`] = `
<div>
  <input
    value="12A345"
  />
</div>
`;
