// Jest Snapshot v1, https://jestjs.io/docs/snapshot-testing

exports[`Scene works as expected 1`] = `
<div>
  <div>
    C
  </div>
  <div>
    C
  </div>
</div>
`;
