// Jest Snapshot v1, https://goo.gl/fbAQLP

exports[`Library exports match expectations 1`] = `
{
  "GlobalStateProvider": [Function],
  "getGlobalState": [Function],
  "getSsrContext": [Function],
  "useAsyncCollection": [Function],
  "useAsyncData": [Function],
  "useGlobalState": [Function],
}
`;
