// Jest Snapshot v1, https://jestjs.io/docs/snapshot-testing

exports[`does not reload data 1`] = `
<div>
  <div>
    ok
  </div>
</div>
`;
