// Jest Snapshot v1, https://jestjs.io/docs/snapshot-testing

exports[`base scenario 1`] = `
<div>
  <div
    data-testid="component"
    role="presentation"
  />
</div>
`;

exports[`base scenario 2`] = `
<div>
  <div
    data-testid="component"
    role="presentation"
  >
    0
  </div>
</div>
`;
